[0] = 123
[1] = Dan
[2] = James
[3] = Jason
[4] = Katrina
[5] = Llewellyn
