objects[0] = one
objects[1] = two
objects[2] = three
