<?xml version="1.0" encoding="UTF-8"?><parent>
  <child>text</child>
</parent>
